pgsql/pgAdmin 4/web/pgadmin/static/js/components/PgTree/FileTreeItem/index.tsx(1,16): error TS2307: Cannot find module 'classnames' or its corresponding type declarations.
pgsql/pgAdmin 4/web/pgadmin/static/js/components/PgTree/FileTreeItem/index.tsx(3,36): error TS2307: Cannot find module 'aspen-decorations' or its corresponding type declarations.
pgsql/pgAdmin 4/web/pgadmin/static/js/components/PgTree/FileTreeItem/index.tsx(4,108): error TS2307: Cannot find module 'react-aspen' or its corresponding type declarations.
pgsql/pgAdmin 4/web/pgadmin/static/js/components/PgTree/FileTreeItem/index.tsx(6,15): error TS2307: Cannot find module 'lodash' or its corresponding type declarations.
pgsql/pgAdmin 4/web/pgadmin/static/js/components/PgTree/FileTreeItem/index.tsx(7,27): error TS2307: Cannot find module 'notificar' or its corresponding type declarations.
pgsql/pgAdmin 4/web/pgadmin/static/js/components/PgTree/FileTreeItem/index.tsx(35,5): error TS2322: Type 'null' is not assignable to type 'ClientRect'.
pgsql/pgAdmin 4/web/pgadmin/static/js/components/PgTree/FileTreeItem/index.tsx(42,11): error TS2564: Property 'fileTreeEvent' has no initializer and is not definitely assigned in the constructor.
pgsql/pgAdmin 4/web/pgadmin/static/js/components/PgTree/FileTreeItem/index.tsx(44,15): error TS7006: Parameter 'props' implicitly has an 'any' type.
pgsql/pgAdmin 4/web/pgadmin/static/js/components/PgTree/FileTreeItem/index.tsx(113,10): error TS2339: Property 'events' does not exist on type 'FileTreeItem'.
pgsql/pgAdmin 4/web/pgadmin/static/js/components/PgTree/FileTreeItem/index.tsx(121,34): error TS7006: Parameter 'FileOrDir' implicitly has an 'any' type.
pgsql/pgAdmin 4/web/pgadmin/static/js/components/PgTree/FileTreeItem/index.tsx(124,12): error TS2339: Property 'events' does not exist on type 'FileTreeItem'.
pgsql/pgAdmin 4/web/pgadmin/static/js/components/PgTree/FileTreeItem/index.tsx(149,39): error TS2345: Argument of type 'HTMLDivElement' is not assignable to parameter of type 'number'.
pgsql/pgAdmin 4/web/pgadmin/static/js/components/PgTree/FileTreeX/index.tsx(12,8): error TS2307: Cannot find module 'react-aspen' or its corresponding type declarations.
pgsql/pgAdmin 4/web/pgadmin/static/js/components/PgTree/FileTreeX/index.tsx(13,45): error TS2307: Cannot find module 'aspen-decorations' or its corresponding type declarations.
pgsql/pgAdmin 4/web/pgadmin/static/js/components/PgTree/FileTreeX/index.tsx(15,49): error TS2307: Cannot find module 'notificar' or its corresponding type declarations.
pgsql/pgAdmin 4/web/pgadmin/static/js/components/PgTree/FileTreeX/index.tsx(19,23): error TS2307: Cannot find module 'react-virtualized-auto-sizer' or its corresponding type declarations.
pgsql/pgAdmin 4/web/pgadmin/static/js/components/PgTree/FileTreeX/index.tsx(22,11): error TS2564: Property 'fileTreeHandle' has no initializer and is not definitely assigned in the constructor.
pgsql/pgAdmin 4/web/pgadmin/static/js/components/PgTree/FileTreeX/index.tsx(27,11): error TS2322: Type 'RefObject<HTMLDivElement | null>' is not assignable to type 'RefObject<HTMLDivElement>'.
  Type 'HTMLDivElement | null' is not assignable to type 'HTMLDivElement'.
    Type 'null' is not assignable to type 'HTMLDivElement'.
pgsql/pgAdmin 4/web/pgadmin/static/js/components/PgTree/FileTreeX/index.tsx(30,11): error TS2564: Property 'keyboardHotkeys' has no initializer and is not definitely assigned in the constructor.
pgsql/pgAdmin 4/web/pgadmin/static/js/components/PgTree/FileTreeX/index.tsx(31,11): error TS2564: Property 'fileTreeEvent' has no initializer and is not definitely assigned in the constructor.
pgsql/pgAdmin 4/web/pgadmin/static/js/components/PgTree/FileTreeX/index.tsx(43,28): error TS2339: Property 'disableCache' does not exist on type 'Readonly<IFileTreeXProps>'.
pgsql/pgAdmin 4/web/pgadmin/static/js/components/PgTree/FileTreeX/index.tsx(62,13): error TS7031: Binding element 'width' implicitly has an 'any' type.
pgsql/pgAdmin 4/web/pgadmin/static/js/components/PgTree/FileTreeX/index.tsx(62,20): error TS7031: Binding element 'height' implicitly has an 'any' type.
pgsql/pgAdmin 4/web/pgadmin/static/js/components/PgTree/FileTreeX/index.tsx(89,41): error TS2339: Property 'root' does not exist on type 'TreeModelX'.
pgsql/pgAdmin 4/web/pgadmin/static/js/components/PgTree/FileTreeX/index.tsx(102,5): error TS2322: Type '((event: IFileTreeXTriggerEvents) => void) | undefined' is not assignable to type 'IFileTreeXTriggerEvents'.
  Type 'undefined' is not assignable to type 'IFileTreeXTriggerEvents'.
pgsql/pgAdmin 4/web/pgadmin/static/js/components/PgTree/FileTreeX/index.tsx(121,20): error TS2551: Property 'removeDir' does not exist on type 'FileTreeX'. Did you mean 'remove'?
pgsql/pgAdmin 4/web/pgadmin/static/js/components/PgTree/FileTreeX/index.tsx(122,62): error TS2339: Property 'supervisePrompt' does not exist on type 'FileTreeX'.
pgsql/pgAdmin 4/web/pgadmin/static/js/components/PgTree/FileTreeX/index.tsx(123,64): error TS2339: Property 'supervisePrompt' does not exist on type 'FileTreeX'.
pgsql/pgAdmin 4/web/pgadmin/static/js/components/PgTree/FileTreeX/index.tsx(135,22): error TS7006: Parameter 'callback' implicitly has an 'any' type.
pgsql/pgAdmin 4/web/pgadmin/static/js/components/PgTree/FileTreeX/index.tsx(139,7): error TS1117: An object literal cannot have multiple properties with the same name.
pgsql/pgAdmin 4/web/pgadmin/static/js/components/PgTree/FileTreeX/index.tsx(153,46): error TS2339: Property 'onDidChangeModel' does not exist on type 'IFileTreeXHandle'.
pgsql/pgAdmin 4/web/pgadmin/static/js/components/PgTree/FileTreeX/index.tsx(154,12): error TS2554: Expected 3 arguments, but got 1.
pgsql/pgAdmin 4/web/pgadmin/static/js/components/PgTree/FileTreeX/index.tsx(189,71): error TS7006: Parameter 'ensureVisible' implicitly has an 'any' type.
pgsql/pgAdmin 4/web/pgadmin/static/js/components/PgTree/FileTreeX/index.tsx(189,86): error TS7006: Parameter 'align' implicitly has an 'any' type.
pgsql/pgAdmin 4/web/pgadmin/static/js/components/PgTree/FileTreeX/index.tsx(191,35): error TS2339: Property 'getFileHandle' does not exist on type 'IFileTreeXHandle'.
pgsql/pgAdmin 4/web/pgadmin/static/js/components/PgTree/FileTreeX/index.tsx(194,36): error TS2339: Property 'root' does not exist on type 'TreeModelX'.
pgsql/pgAdmin 4/web/pgadmin/static/js/components/PgTree/FileTreeX/index.tsx(207,35): error TS2339: Property 'ensureVisible' does not exist on type 'IFileTreeXHandle'.
pgsql/pgAdmin 4/web/pgadmin/static/js/components/PgTree/FileTreeX/index.tsx(214,35): error TS2339: Property 'getFileHandle' does not exist on type 'IFileTreeXHandle'.
pgsql/pgAdmin 4/web/pgadmin/static/js/components/PgTree/FileTreeX/index.tsx(218,33): error TS2339: Property 'ensureVisible' does not exist on type 'IFileTreeXHandle'.
pgsql/pgAdmin 4/web/pgadmin/static/js/components/PgTree/FileTreeX/index.tsx(224,35): error TS2339: Property 'getFileHandle' does not exist on type 'IFileTreeXHandle'.
pgsql/pgAdmin 4/web/pgadmin/static/js/components/PgTree/FileTreeX/index.tsx(227,36): error TS2339: Property 'root' does not exist on type 'TreeModelX'.
pgsql/pgAdmin 4/web/pgadmin/static/js/components/PgTree/FileTreeX/index.tsx(236,35): error TS2339: Property 'getFileHandle' does not exist on type 'IFileTreeXHandle'.
pgsql/pgAdmin 4/web/pgadmin/static/js/components/PgTree/FileTreeX/index.tsx(239,36): error TS2339: Property 'root' does not exist on type 'TreeModelX'.
pgsql/pgAdmin 4/web/pgadmin/static/js/components/PgTree/FileTreeX/index.tsx(250,33): error TS2339: Property 'ensureVisible' does not exist on type 'IFileTreeXHandle'.
pgsql/pgAdmin 4/web/pgadmin/static/js/components/PgTree/FileTreeX/index.tsx(255,27): error TS7006: Parameter 'parentDir' implicitly has an 'any' type.
pgsql/pgAdmin 4/web/pgadmin/static/js/components/PgTree/FileTreeX/index.tsx(255,38): error TS7006: Parameter 'itemData' implicitly has an 'any' type.
pgsql/pgAdmin 4/web/pgadmin/static/js/components/PgTree/FileTreeX/index.tsx(257,36): error TS2339: Property 'root' does not exist on type 'TreeModelX'.
pgsql/pgAdmin 4/web/pgadmin/static/js/components/PgTree/FileTreeX/index.tsx(264,33): error TS2339: Property 'closeDirectory' does not exist on type 'IFileTreeXHandle'.
pgsql/pgAdmin 4/web/pgadmin/static/js/components/PgTree/FileTreeX/index.tsx(267,33): error TS2339: Property 'openDirectory' does not exist on type 'IFileTreeXHandle'.
pgsql/pgAdmin 4/web/pgadmin/static/js/components/PgTree/FileTreeX/index.tsx(269,33): error TS2339: Property 'openDirectory' does not exist on type 'IFileTreeXHandle'.
pgsql/pgAdmin 4/web/pgadmin/static/js/components/PgTree/FileTreeX/index.tsx(272,15): error TS2339: Property 'root' does not exist on type 'TreeModelX'.
pgsql/pgAdmin 4/web/pgadmin/static/js/components/PgTree/FileTreeX/index.tsx(280,47): error TS7006: Parameter 'c' implicitly has an 'any' type.
pgsql/pgAdmin 4/web/pgadmin/static/js/components/PgTree/FileTreeX/index.tsx(285,27): error TS7006: Parameter 'item' implicitly has an 'any' type.
pgsql/pgAdmin 4/web/pgadmin/static/js/components/PgTree/FileTreeX/index.tsx(285,33): error TS7006: Parameter 'itemData' implicitly has an 'any' type.
pgsql/pgAdmin 4/web/pgadmin/static/js/components/PgTree/FileTreeX/index.tsx(287,22): error TS2339: Property 'update' does not exist on type 'Readonly<IFileTreeXProps>'.
pgsql/pgAdmin 4/web/pgadmin/static/js/components/PgTree/FileTreeX/index.tsx(291,28): error TS7006: Parameter 'item' implicitly has an 'any' type.
pgsql/pgAdmin 4/web/pgadmin/static/js/components/PgTree/FileTreeX/index.tsx(299,32): error TS2341: Property 'itemIdToRefMap' is private and only accessible within class 'FileTreeItem'.
pgsql/pgAdmin 4/web/pgadmin/static/js/components/PgTree/FileTreeX/index.tsx(305,33): error TS2339: Property 'closeDirectory' does not exist on type 'IFileTreeXHandle'.
pgsql/pgAdmin 4/web/pgadmin/static/js/components/PgTree/FileTreeX/index.tsx(306,33): error TS2339: Property 'openDirectory' does not exist on type 'IFileTreeXHandle'.
pgsql/pgAdmin 4/web/pgadmin/static/js/components/PgTree/FileTreeX/index.tsx(316,27): error TS7006: Parameter 'item' implicitly has an 'any' type.
pgsql/pgAdmin 4/web/pgadmin/static/js/components/PgTree/FileTreeX/index.tsx(324,33): error TS2339: Property 'closeDirectory' does not exist on type 'IFileTreeXHandle'.
pgsql/pgAdmin 4/web/pgadmin/static/js/components/PgTree/FileTreeX/index.tsx(329,27): error TS7006: Parameter 'item' implicitly has an 'any' type.
pgsql/pgAdmin 4/web/pgadmin/static/js/components/PgTree/FileTreeX/index.tsx(330,12): error TS2339: Property 'remove' does not exist on type 'Readonly<IFileTreeXProps>'.
pgsql/pgAdmin 4/web/pgadmin/static/js/components/PgTree/FileTreeX/index.tsx(333,27): error TS2339: Property 'root' does not exist on type 'TreeModelX'.
pgsql/pgAdmin 4/web/pgadmin/static/js/components/PgTree/FileTreeX/index.tsx(334,28): error TS2339: Property 'root' does not exist on type 'TreeModelX'.
pgsql/pgAdmin 4/web/pgadmin/static/js/components/PgTree/FileTreeX/index.tsx(337,45): error TS7006: Parameter 'c' implicitly has an 'any' type.
pgsql/pgAdmin 4/web/pgadmin/static/js/components/PgTree/FileTreeX/index.tsx(352,35): error TS2339: Property 'getFileHandle' does not exist on type 'IFileTreeXHandle'.
pgsql/pgAdmin 4/web/pgadmin/static/js/components/PgTree/FileTreeX/index.tsx(355,74): error TS2339: Property 'root' does not exist on type 'TreeModelX'.
pgsql/pgAdmin 4/web/pgadmin/static/js/components/PgTree/FileTreeX/index.tsx(365,35): error TS2339: Property 'getFileHandle' does not exist on type 'IFileTreeXHandle'.
pgsql/pgAdmin 4/web/pgadmin/static/js/components/PgTree/FileTreeX/index.tsx(378,35): error TS2339: Property 'getFileHandle' does not exist on type 'IFileTreeXHandle'.
pgsql/pgAdmin 4/web/pgadmin/static/js/components/PgTree/FileTreeX/index.tsx(390,35): error TS2339: Property 'getFileHandle' does not exist on type 'IFileTreeXHandle'.
pgsql/pgAdmin 4/web/pgadmin/static/js/components/PgTree/FileTreeX/index.tsx(403,35): error TS2339: Property 'getFileHandle' does not exist on type 'IFileTreeXHandle'.
pgsql/pgAdmin 4/web/pgadmin/static/js/components/PgTree/FileTreeX/index.tsx(415,35): error TS2339: Property 'getFileHandle' does not exist on type 'IFileTreeXHandle'.
pgsql/pgAdmin 4/web/pgadmin/static/js/components/PgTree/FileTreeX/index.tsx(427,35): error TS2339: Property 'getFileHandle' does not exist on type 'IFileTreeXHandle'.
pgsql/pgAdmin 4/web/pgadmin/static/js/components/PgTree/FileTreeX/index.tsx(439,35): error TS2339: Property 'getFileHandle' does not exist on type 'IFileTreeXHandle'.
pgsql/pgAdmin 4/web/pgadmin/static/js/components/PgTree/FileTreeX/index.tsx(442,30): error TS2341: Property 'itemIdToRefMap' is private and only accessible within class 'FileTreeItem'.
pgsql/pgAdmin 4/web/pgadmin/static/js/components/PgTree/FileTreeX/index.tsx(448,48): error TS2339: Property 'label' does not exist on type 'never'.
pgsql/pgAdmin 4/web/pgadmin/static/js/components/PgTree/FileTreeX/index.tsx(449,25): error TS2339: Property 'label' does not exist on type 'never'.
pgsql/pgAdmin 4/web/pgadmin/static/js/components/PgTree/FileTreeX/index.tsx(460,35): error TS2339: Property 'getFileHandle' does not exist on type 'IFileTreeXHandle'.
pgsql/pgAdmin 4/web/pgadmin/static/js/components/PgTree/FileTreeX/index.tsx(464,32): error TS2341: Property 'itemIdToRefMap' is private and only accessible within class 'FileTreeItem'.
pgsql/pgAdmin 4/web/pgadmin/static/js/components/PgTree/FileTreeX/index.tsx(480,35): error TS2339: Property 'getFileHandle' does not exist on type 'IFileTreeXHandle'.
pgsql/pgAdmin 4/web/pgadmin/static/js/components/PgTree/FileTreeX/index.tsx(485,29): error TS2339: Property 'closeDirectory' does not exist on type 'IFileTreeXHandle'.
pgsql/pgAdmin 4/web/pgadmin/static/js/components/PgTree/FileTreeX/index.tsx(494,35): error TS2339: Property 'getFileHandle' does not exist on type 'IFileTreeXHandle'.
pgsql/pgAdmin 4/web/pgadmin/static/js/components/PgTree/FileTreeX/index.tsx(499,29): error TS2339: Property 'closeDirectory' does not exist on type 'IFileTreeXHandle'.
pgsql/pgAdmin 4/web/pgadmin/static/js/components/PgTree/FileTreeX/index.tsx(503,34): error TS2341: Property 'itemIdToRefMap' is private and only accessible within class 'FileTreeItem'.
pgsql/pgAdmin 4/web/pgadmin/static/js/components/PgTree/FileTreeX/index.tsx(509,35): error TS2339: Property 'openDirectory' does not exist on type 'IFileTreeXHandle'.
pgsql/pgAdmin 4/web/pgadmin/static/js/components/PgTree/FileTreeX/index.tsx(521,59): error TS7006: Parameter 'icon' implicitly has an 'any' type.
pgsql/pgAdmin 4/web/pgadmin/static/js/components/PgTree/FileTreeX/index.tsx(523,35): error TS2339: Property 'getFileHandle' does not exist on type 'IFileTreeXHandle'.
pgsql/pgAdmin 4/web/pgadmin/static/js/components/PgTree/FileTreeX/index.tsx(526,30): error TS2341: Property 'itemIdToRefMap' is private and only accessible within class 'FileTreeItem'.
pgsql/pgAdmin 4/web/pgadmin/static/js/components/PgTree/FileTreeX/index.tsx(534,63): error TS7006: Parameter 'cssClass' implicitly has an 'any' type.
pgsql/pgAdmin 4/web/pgadmin/static/js/components/PgTree/FileTreeX/index.tsx(536,35): error TS2339: Property 'getFileHandle' does not exist on type 'IFileTreeXHandle'.
pgsql/pgAdmin 4/web/pgadmin/static/js/components/PgTree/FileTreeX/index.tsx(539,30): error TS2341: Property 'itemIdToRefMap' is private and only accessible within class 'FileTreeItem'.
pgsql/pgAdmin 4/web/pgadmin/static/js/components/PgTree/FileTreeX/index.tsx(569,50): error TS2339: Property 'className' does not exist on type 'EventTarget'.
pgsql/pgAdmin 4/web/pgadmin/static/js/components/PgTree/FileTreeX/index.tsx(572,16): error TS2554: Expected 3 arguments, but got 1.
pgsql/pgAdmin 4/web/pgadmin/static/js/components/PgTree/FileTreeX/index.tsx(578,16): error TS2554: Expected 3 arguments, but got 1.
pgsql/pgAdmin 4/web/pgadmin/static/js/components/PgTree/FileTreeX/index.tsx(582,29): error TS7006: Parameter 'clientReact' implicitly has an 'any' type.
pgsql/pgAdmin 4/web/pgadmin/static/js/components/PgTree/FileTreeX/index.tsx(583,25): error TS2341: Property 'refToItemIdMap' is private and only accessible within class 'FileTreeItem'.
pgsql/pgAdmin 4/web/pgadmin/static/js/components/PgTree/FileTreeX/index.tsx(587,25): error TS2341: Property 'itemIdToRefMap' is private and only accessible within class 'FileTreeItem'.
pgsql/pgAdmin 4/web/pgadmin/static/js/components/PgTree/FileTreeX/index.tsx(607,12): error TS2554: Expected 2 arguments, but got 0.
pgsql/pgAdmin 4/web/pgadmin/static/js/components/PgTree/FileTreeX/index.tsx(611,21): error TS7006: Parameter 'scrollX' implicitly has an 'any' type.
pgsql/pgAdmin 4/web/pgadmin/static/js/components/PgTree/FileTreeX/index.tsx(611,30): error TS7006: Parameter 'scrollY' implicitly has an 'any' type.
pgsql/pgAdmin 4/web/pgadmin/static/js/components/PgTree/FileTreeX/index.tsx(613,61): error TS2339: Property 'state' does not exist on type 'TreeModelX'.
pgsql/pgAdmin 4/web/pgadmin/static/js/components/PgTree/FileTreeX/index.tsx(614,17): error TS2531: Object is possibly 'null'.
pgsql/pgAdmin 4/web/pgadmin/static/js/components/PgTree/FileTreeX/index.tsx(632,10): error TS1205: Re-exporting a type when 'isolatedModules' is enabled requires using 'export type'.
pgsql/pgAdmin 4/web/pgadmin/static/js/components/PgTree/FileTreeX/index.tsx(632,28): error TS1205: Re-exporting a type when 'isolatedModules' is enabled requires using 'export type'.
pgsql/pgAdmin 4/web/pgadmin/static/js/components/PgTree/index.ts(3,10): error TS1205: Re-exporting a type when 'isolatedModules' is enabled requires using 'export type'.
pgsql/pgAdmin 4/web/pgadmin/static/js/components/PgTree/index.ts(3,28): error TS1205: Re-exporting a type when 'isolatedModules' is enabled requires using 'export type'.
pgsql/pgAdmin 4/web/pgadmin/static/js/components/PgTree/index.ts(3,61): error TS1205: Re-exporting a type when 'isolatedModules' is enabled requires using 'export type'.
pgsql/pgAdmin 4/web/pgadmin/static/js/components/PgTree/services/keyboardHotkeys.ts(1,27): error TS2307: Cannot find module 'notificar' or its corresponding type declarations.
pgsql/pgAdmin 4/web/pgadmin/static/js/components/PgTree/services/keyboardHotkeys.ts(2,48): error TS2307: Cannot find module 'react-aspen' or its corresponding type declarations.
pgsql/pgAdmin 4/web/pgadmin/static/js/components/PgTree/services/keyboardHotkeys.ts(32,7): error TS7053: Element implicitly has an 'any' type because expression of type 'string' can't be used to index type '{ ArrowUp: () => void; ArrowDown: () => void; ArrowRight: () => void; ArrowLeft: () => void; Space: () => void; Enter: () => void; Home: () => void; End: () => void; Escape: () => void; 'Ctrl+KeyC': () => void; }'.
  No index signature with a parameter of type 'string' was found on type '{ ArrowUp: () => void; ArrowDown: () => void; ArrowRight: () => void; ArrowLeft: () => void; Space: () => void; Enter: () => void; Home: () => void; End: () => void; Escape: () => void; 'Ctrl+KeyC': () => void; }'.
pgsql/pgAdmin 4/web/pgadmin/static/js/components/PgTree/services/keyboardHotkeys.ts(38,13): error TS2339: Property 'root' does not exist on type 'TreeModelX'.
pgsql/pgAdmin 4/web/pgadmin/static/js/components/PgTree/services/keyboardHotkeys.ts(39,63): error TS2554: Expected 1 arguments, but got 2.
pgsql/pgAdmin 4/web/pgadmin/static/js/components/PgTree/services/keyboardHotkeys.ts(43,13): error TS2339: Property 'root' does not exist on type 'TreeModelX'.
pgsql/pgAdmin 4/web/pgadmin/static/js/components/PgTree/services/keyboardHotkeys.ts(44,81): error TS2554: Expected 1 arguments, but got 2.
pgsql/pgAdmin 4/web/pgadmin/static/js/components/PgTree/services/keyboardHotkeys.ts(48,13): error TS2339: Property 'root' does not exist on type 'TreeModelX'.
pgsql/pgAdmin 4/web/pgadmin/static/js/components/PgTree/services/keyboardHotkeys.ts(62,71): error TS2554: Expected 1 arguments, but got 2.
pgsql/pgAdmin 4/web/pgadmin/static/js/components/PgTree/services/keyboardHotkeys.ts(67,13): error TS2339: Property 'root' does not exist on type 'TreeModelX'.
pgsql/pgAdmin 4/web/pgadmin/static/js/components/PgTree/services/keyboardHotkeys.ts(81,71): error TS2554: Expected 1 arguments, but got 2.
pgsql/pgAdmin 4/web/pgadmin/static/js/components/PgTree/services/keyboardHotkeys.ts(91,24): error TS2339: Property 'openDirectory' does not exist on type 'IFileTreeXHandle'.
pgsql/pgAdmin 4/web/pgadmin/static/js/components/PgTree/services/keyboardHotkeys.ts(100,31): error TS2339: Property 'closeDirectory' does not exist on type 'IFileTreeXHandle'.
pgsql/pgAdmin 4/web/pgadmin/static/js/components/PgTree/services/keyboardHotkeys.ts(102,64): error TS2554: Expected 1 arguments, but got 2.
pgsql/pgAdmin 4/web/pgadmin/static/js/components/PgTree/services/keyboardHotkeys.ts(112,70): error TS2554: Expected 1 arguments, but got 2.
pgsql/pgAdmin 4/web/pgadmin/static/js/components/PgTree/TreeModelX/index.ts(1,55): error TS2307: Cannot find module 'react-aspen' or its corresponding type declarations.
pgsql/pgAdmin 4/web/pgadmin/static/js/components/PgTree/TreeModelX/index.ts(2,36): error TS2307: Cannot find module 'aspen-decorations' or its corresponding type declarations.
pgsql/pgAdmin 4/web/pgadmin/static/js/components/PgTree/TreeModelX/index.ts(8,52): error TS2339: Property 'root' does not exist on type 'TreeModelX'.
pgsql/pgAdmin 4/web/pgadmin/static/js/components/PgTree/types.ts(1,107): error TS2307: Cannot find module 'react-aspen' or its corresponding type declarations.
pgsql/pgAdmin 4/web/pgadmin/static/js/components/PgTree/types.ts(2,29): error TS2307: Cannot find module 'notificar' or its corresponding type declarations.
pgsql/pgAdmin 4/web/pgadmin/static/js/components/PgTree/types.ts(18,5): error TS7010: 'setActiveFile', which lacks return-type annotation, implicitly has an 'any' return type.
pgsql/pgAdmin 4/web/pgadmin/static/js/components/PgTree/types.ts(19,5): error TS7010: 'setActiveFile', which lacks return-type annotation, implicitly has an 'any' return type.
pgsql/pgAdmin 4/web/pgadmin/static/js/components/PgTree/types.ts(20,5): error TS7010: 'setActiveFile', which lacks return-type annotation, implicitly has an 'any' return type.
pgsql/pgAdmin 4/web/pgadmin/static/js/components/PgTree/types.ts(23,5): error TS7010: 'setPseudoActiveFile', which lacks return-type annotation, implicitly has an 'any' return type.
pgsql/pgAdmin 4/web/pgadmin/static/js/components/PgTree/types.ts(24,5): error TS7010: 'setPseudoActiveFile', which lacks return-type annotation, implicitly has an 'any' return type.
pgsql/pgAdmin 4/web/pgadmin/static/js/components/PgTree/types.ts(25,5): error TS7010: 'setPseudoActiveFile', which lacks return-type annotation, implicitly has an 'any' return type.
pgsql/pgAdmin 4/web/pgadmin/static/js/components/PgTree/types.ts(27,5): error TS7010: 'rename', which lacks return-type annotation, implicitly has an 'any' return type.
pgsql/pgAdmin 4/web/pgadmin/static/js/components/PgTree/types.ts(28,5): error TS7010: 'rename', which lacks return-type annotation, implicitly has an 'any' return type.
pgsql/pgAdmin 4/web/pgadmin/static/js/components/PgTree/types.ts(29,5): error TS7010: 'rename', which lacks return-type annotation, implicitly has an 'any' return type.
pgsql/pgAdmin 4/web/pgadmin/static/js/components/PgTree/types.ts(31,5): error TS7010: 'newFile', which lacks return-type annotation, implicitly has an 'any' return type.
pgsql/pgAdmin 4/web/pgadmin/static/js/components/PgTree/types.ts(32,5): error TS7010: 'newFile', which lacks return-type annotation, implicitly has an 'any' return type.
pgsql/pgAdmin 4/web/pgadmin/static/js/components/PgTree/types.ts(33,5): error TS7010: 'newFolder', which lacks return-type annotation, implicitly has an 'any' return type.
pgsql/pgAdmin 4/web/pgadmin/static/js/components/PgTree/types.ts(34,5): error TS7010: 'newFolder', which lacks return-type annotation, implicitly has an 'any' return type.
pgsql/pgAdmin 4/web/pgadmin/static/js/components/PgTree/types.ts(35,5): error TS7010: 'toggleDirectory', which lacks return-type annotation, implicitly has an 'any' return type.
pgsql/pgAdmin 4/web/pgadmin/static/js/components/PgTree/types.ts(36,5): error TS7010: 'toggleDirectory', which lacks return-type annotation, implicitly has an 'any' return type.
pgsql/pgAdmin 4/web/pgadmin/static/js/components/PgTree/types.ts(54,32): error TS2552: Cannot find name 'array'. Did you mean 'Array'?
pgsql/pgAdmin 4/web/pgadmin/static/js/components/PgTree/types.ts(55,31): error TS2552: Cannot find name 'array'. Did you mean 'Array'?
pgsql/pgAdmin 4/web/pgadmin/static/js/components/PgTree/types.ts(57,32): error TS2552: Cannot find name 'array'. Did you mean 'Array'?
pgsql/pgAdmin 4/web/pgadmin/static/js/components/PgTree/types.ts(58,31): error TS2552: Cannot find name 'array'. Did you mean 'Array'?
pgsql/pgAdmin 4/web/pgadmin/static/js/tree/preference_nodes.ts(10,28): error TS2307: Cannot find module 'browserfs' or its corresponding type declarations.
pgsql/pgAdmin 4/web/pgadmin/static/js/tree/preference_nodes.ts(11,21): error TS2307: Cannot find module 'sources/pgadmin' or its corresponding type declarations.
pgsql/pgAdmin 4/web/pgadmin/static/js/tree/preference_nodes.ts(12,15): error TS2307: Cannot find module 'lodash' or its corresponding type declarations.
pgsql/pgAdmin 4/web/pgadmin/static/js/tree/preference_nodes.ts(13,26): error TS2307: Cannot find module 'react-aspen' or its corresponding type declarations.
pgsql/pgAdmin 4/web/pgadmin/static/js/tree/preference_nodes.ts(17,15): error TS7006: Parameter 'data' implicitly has an 'any' type.
pgsql/pgAdmin 4/web/pgadmin/static/js/tree/preference_nodes.ts(18,10): error TS2339: Property 'tree' does not exist on type 'ManagePreferenceTreeNodes'.
pgsql/pgAdmin 4/web/pgadmin/static/js/tree/preference_nodes.ts(19,10): error TS2339: Property 'tempTree' does not exist on type 'ManagePreferenceTreeNodes'.
pgsql/pgAdmin 4/web/pgadmin/static/js/tree/preference_nodes.ts(19,21): error TS2554: Expected 6 arguments, but got 2.
pgsql/pgAdmin 4/web/pgadmin/static/js/tree/preference_nodes.ts(20,10): error TS2339: Property 'treeData' does not exist on type 'ManagePreferenceTreeNodes'.
pgsql/pgAdmin 4/web/pgadmin/static/js/tree/preference_nodes.ts(25,10): error TS2339: Property 'tree' does not exist on type 'ManagePreferenceTreeNodes'.
pgsql/pgAdmin 4/web/pgadmin/static/js/tree/preference_nodes.ts(26,10): error TS2339: Property 'tree' does not exist on type 'ManagePreferenceTreeNodes'.
pgsql/pgAdmin 4/web/pgadmin/static/js/tree/preference_nodes.ts(27,5): error TS2794: Expected 1 arguments, but got 0. Did you forget to include 'void' in your type argument to 'Promise'?
pgsql/pgAdmin 4/web/pgadmin/static/js/tree/preference_nodes.ts(30,24): error TS7006: Parameter '_path' implicitly has an 'any' type.
pgsql/pgAdmin 4/web/pgadmin/static/js/tree/preference_nodes.ts(30,31): error TS7006: Parameter '_data' implicitly has an 'any' type.
pgsql/pgAdmin 4/web/pgadmin/static/js/tree/preference_nodes.ts(39,30): error TS7006: Parameter '_path' implicitly has an 'any' type.
pgsql/pgAdmin 4/web/pgadmin/static/js/tree/preference_nodes.ts(49,12): error TS7006: Parameter 'path' implicitly has an 'any' type.
pgsql/pgAdmin 4/web/pgadmin/static/js/tree/preference_nodes.ts(51,19): error TS2339: Property 'tempTree' does not exist on type 'ManagePreferenceTreeNodes'.
pgsql/pgAdmin 4/web/pgadmin/static/js/tree/preference_nodes.ts(54,28): error TS2339: Property 'tempTree' does not exist on type 'ManagePreferenceTreeNodes'.
pgsql/pgAdmin 4/web/pgadmin/static/js/tree/preference_nodes.ts(58,11): error TS2339: Property 'type' does not exist on type '[]'.
pgsql/pgAdmin 4/web/pgadmin/static/js/tree/preference_nodes.ts(58,24): error TS2339: Property 'inode' does not exist on type '[]'.
pgsql/pgAdmin 4/web/pgadmin/static/js/tree/preference_nodes.ts(59,11): error TS2339: Property '_label' does not exist on type '[]'.
pgsql/pgAdmin 4/web/pgadmin/static/js/tree/preference_nodes.ts(59,26): error TS2339: Property 'label' does not exist on type '[]'.
pgsql/pgAdmin 4/web/pgadmin/static/js/tree/preference_nodes.ts(60,11): error TS2339: Property 'label' does not exist on type '[]'.
pgsql/pgAdmin 4/web/pgadmin/static/js/tree/preference_nodes.ts(60,34): error TS2339: Property 'label' does not exist on type '[]'.
pgsql/pgAdmin 4/web/pgadmin/static/js/tree/preference_nodes.ts(62,11): error TS2339: Property 'is_collection' does not exist on type '[]'.
pgsql/pgAdmin 4/web/pgadmin/static/js/tree/preference_nodes.ts(62,50): error TS2339: Property '_type' does not exist on type '[]'.
pgsql/pgAdmin 4/web/pgadmin/static/js/tree/preference_nodes.ts(63,58): error TS2339: Property 'children' does not exist on type '[]'.
pgsql/pgAdmin 4/web/pgadmin/static/js/tree/preference_nodes.ts(63,75): error TS2339: Property 'children' does not exist on type '[]'.
pgsql/pgAdmin 4/web/pgadmin/static/js/tree/preference_nodes.ts(66,41): error TS2339: Property 'id' does not exist on type '[]'.
pgsql/pgAdmin 4/web/pgadmin/static/js/tree/preference_nodes.ts(66,87): error TS2339: Property 'type' does not exist on type '[]'.
pgsql/pgAdmin 4/web/pgadmin/static/js/tree/preference_nodes.ts(91,27): error TS7006: Parameter 'tree' implicitly has an 'any' type.
pgsql/pgAdmin 4/web/pgadmin/static/js/tree/preference_nodes.ts(100,28): error TS2339: Property 'treeData' does not exist on type 'ManagePreferenceTreeNodes'.
pgsql/pgAdmin 4/web/pgadmin/static/js/tree/preference_nodes.ts(100,43): error TS7006: Parameter 'el' implicitly has an 'any' type.
pgsql/pgAdmin 4/web/pgadmin/static/js/tree/preference_nodes.ts(101,15): error TS7034: Variable 'subNodes' implicitly has type 'any[]' in some locations where its type cannot be determined.
pgsql/pgAdmin 4/web/pgadmin/static/js/tree/preference_nodes.ts(103,37): error TS7006: Parameter 'element' implicitly has an 'any' type.
pgsql/pgAdmin 4/web/pgadmin/static/js/tree/preference_nodes.ts(107,20): error TS7005: Variable 'subNodes' implicitly has an 'any[]' type.
pgsql/pgAdmin 4/web/pgadmin/static/js/tree/preference_nodes.ts(109,25): error TS2339: Property 'treeData' does not exist on type 'ManagePreferenceTreeNodes'.
pgsql/pgAdmin 4/web/pgadmin/static/js/tree/preference_nodes.ts(126,15): error TS7006: Parameter 'id' implicitly has an 'any' type.
pgsql/pgAdmin 4/web/pgadmin/static/js/tree/preference_nodes.ts(126,19): error TS7006: Parameter 'data' implicitly has an 'any' type.
pgsql/pgAdmin 4/web/pgadmin/static/js/tree/preference_nodes.ts(126,25): error TS7006: Parameter 'domNode' implicitly has an 'any' type.
pgsql/pgAdmin 4/web/pgadmin/static/js/tree/preference_nodes.ts(126,34): error TS7006: Parameter 'parent' implicitly has an 'any' type.
pgsql/pgAdmin 4/web/pgadmin/static/js/tree/preference_nodes.ts(126,42): error TS7006: Parameter 'metadata' implicitly has an 'any' type.
pgsql/pgAdmin 4/web/pgadmin/static/js/tree/preference_nodes.ts(126,52): error TS7006: Parameter 'type' implicitly has an 'any' type.
pgsql/pgAdmin 4/web/pgadmin/static/js/tree/preference_nodes.ts(127,10): error TS2339: Property 'id' does not exist on type 'TreeNode'.
pgsql/pgAdmin 4/web/pgadmin/static/js/tree/preference_nodes.ts(128,10): error TS2339: Property 'data' does not exist on type 'TreeNode'.
pgsql/pgAdmin 4/web/pgadmin/static/js/tree/preference_nodes.ts(130,10): error TS2339: Property 'children' does not exist on type 'TreeNode'.
pgsql/pgAdmin 4/web/pgadmin/static/js/tree/preference_nodes.ts(131,10): error TS2339: Property 'domNode' does not exist on type 'TreeNode'.
pgsql/pgAdmin 4/web/pgadmin/static/js/tree/preference_nodes.ts(132,10): error TS2551: Property 'metadata' does not exist on type 'TreeNode'. Did you mean 'getData'?
pgsql/pgAdmin 4/web/pgadmin/static/js/tree/preference_nodes.ts(133,10): error TS2339: Property 'name' does not exist on type 'TreeNode'.
pgsql/pgAdmin 4/web/pgadmin/static/js/tree/preference_nodes.ts(134,10): error TS2339: Property 'type' does not exist on type 'TreeNode'.
pgsql/pgAdmin 4/web/pgadmin/static/js/tree/preference_nodes.ts(138,17): error TS2339: Property 'parentNode' does not exist on type 'TreeNode'.
pgsql/pgAdmin 4/web/pgadmin/static/js/tree/preference_nodes.ts(138,45): error TS2339: Property 'parentNode' does not exist on type 'TreeNode'.
pgsql/pgAdmin 4/web/pgadmin/static/js/tree/preference_nodes.ts(142,17): error TS2339: Property 'parentNode' does not exist on type 'TreeNode'.
pgsql/pgAdmin 4/web/pgadmin/static/js/tree/preference_nodes.ts(145,13): error TS7006: Parameter 'parent' implicitly has an 'any' type.
pgsql/pgAdmin 4/web/pgadmin/static/js/tree/preference_nodes.ts(146,10): error TS2339: Property 'parentNode' does not exist on type 'TreeNode'.
pgsql/pgAdmin 4/web/pgadmin/static/js/tree/preference_nodes.ts(147,10): error TS2339: Property 'path' does not exist on type 'TreeNode'.
pgsql/pgAdmin 4/web/pgadmin/static/js/tree/preference_nodes.ts(147,22): error TS2339: Property 'id' does not exist on type 'TreeNode'.
pgsql/pgAdmin 4/web/pgadmin/static/js/tree/preference_nodes.ts(148,14): error TS2339: Property 'id' does not exist on type 'TreeNode'.
pgsql/pgAdmin 4/web/pgadmin/static/js/tree/preference_nodes.ts(150,14): error TS2339: Property 'path' does not exist on type 'TreeNode'.
pgsql/pgAdmin 4/web/pgadmin/static/js/tree/preference_nodes.ts(150,46): error TS2339: Property 'id' does not exist on type 'TreeNode'.
pgsql/pgAdmin 4/web/pgadmin/static/js/tree/preference_nodes.ts(152,14): error TS2339: Property 'path' does not exist on type 'TreeNode'.
pgsql/pgAdmin 4/web/pgadmin/static/js/tree/preference_nodes.ts(152,44): error TS2339: Property 'id' does not exist on type 'TreeNode'.
pgsql/pgAdmin 4/web/pgadmin/static/js/tree/preference_nodes.ts(157,14): error TS2339: Property 'data' does not exist on type 'TreeNode'.
pgsql/pgAdmin 4/web/pgadmin/static/js/tree/preference_nodes.ts(159,21): error TS2339: Property 'data' does not exist on type 'TreeNode'.
pgsql/pgAdmin 4/web/pgadmin/static/js/tree/preference_nodes.ts(162,35): error TS2339: Property 'data' does not exist on type 'TreeNode'.
pgsql/pgAdmin 4/web/pgadmin/static/js/tree/preference_nodes.ts(166,17): error TS2339: Property 'domNode' does not exist on type 'TreeNode'.
pgsql/pgAdmin 4/web/pgadmin/static/js/tree/preference_nodes.ts(172,16): error TS7006: Parameter 'condition' implicitly has an 'any' type.
pgsql/pgAdmin 4/web/pgadmin/static/js/tree/preference_nodes.ts(189,19): error TS7006: Parameter 'condition' implicitly has an 'any' type.
pgsql/pgAdmin 4/web/pgadmin/static/js/tree/preference_nodes.ts(196,13): error TS7006: Parameter 'condition' implicitly has an 'any' type.
pgsql/pgAdmin 4/web/pgadmin/static/js/tree/preference_nodes.ts(200,10): error TS7006: Parameter 'tree' implicitly has an 'any' type.
pgsql/pgAdmin 4/web/pgadmin/static/js/tree/preference_nodes.ts(204,30): error TS2339: Property 'domNode' does not exist on type 'TreeNode'.
pgsql/pgAdmin 4/web/pgadmin/static/js/tree/preference_nodes.ts(205,30): error TS2339: Property 'domNode' does not exist on type 'TreeNode'.
pgsql/pgAdmin 4/web/pgadmin/static/js/tree/preference_nodes.ts(207,34): error TS2339: Property 'domNode' does not exist on type 'TreeNode'.
pgsql/pgAdmin 4/web/pgadmin/static/js/tree/preference_nodes.ts(209,11): error TS2794: Expected 1 arguments, but got 0. Did you forget to include 'void' in your type argument to 'Promise'?
pgsql/pgAdmin 4/web/pgadmin/static/js/tree/preference_nodes.ts(214,10): error TS7006: Parameter 'tree' implicitly has an 'any' type.
pgsql/pgAdmin 4/web/pgadmin/static/js/tree/preference_nodes.ts(216,12): error TS2339: Property 'children' does not exist on type 'TreeNode'.
pgsql/pgAdmin 4/web/pgadmin/static/js/tree/preference_nodes.ts(217,24): error TS2339: Property 'domNode' does not exist on type 'TreeNode'.
pgsql/pgAdmin 4/web/pgadmin/static/js/tree/preference_nodes.ts(229,8): error TS7006: Parameter 'tree' implicitly has an 'any' type.
pgsql/pgAdmin 4/web/pgadmin/static/js/tree/preference_nodes.ts(229,14): error TS7006: Parameter 'suppressNoDom' implicitly has an 'any' type.
pgsql/pgAdmin 4/web/pgadmin/static/js/tree/preference_nodes.ts(231,34): error TS2339: Property 'domNode' does not exist on type 'TreeNode'.
pgsql/pgAdmin 4/web/pgadmin/static/js/tree/preference_nodes.ts(231,66): error TS2339: Property 'domNode' does not exist on type 'TreeNode'.
pgsql/pgAdmin 4/web/pgadmin/static/js/tree/preference_nodes.ts(233,35): error TS2339: Property 'domNode' does not exist on type 'TreeNode'.
pgsql/pgAdmin 4/web/pgadmin/static/js/tree/preference_nodes.ts(236,24): error TS2339: Property 'domNode' does not exist on type 'TreeNode'.
pgsql/pgAdmin 4/web/pgadmin/static/js/tree/preference_nodes.ts(243,34): error TS7006: Parameter 'node' implicitly has an 'any' type.
pgsql/pgAdmin 4/web/pgadmin/static/js/tree/tree_init.tsx(14,60): error TS2307: Cannot find module 'react-aspen' or its corresponding type declarations.
pgsql/pgAdmin 4/web/pgadmin/static/js/tree/tree_init.tsx(16,21): error TS2307: Cannot find module 'sources/pgadmin' or its corresponding type declarations.
pgsql/pgAdmin 4/web/pgadmin/static/js/tree/tree_init.tsx(21,26): error TS7006: Parameter 'pgBrowser' implicitly has an 'any' type.
pgsql/pgAdmin 4/web/pgadmin/static/js/tree/tree_init.tsx(33,24): error TS7006: Parameter 'path' implicitly has an 'any' type.
pgsql/pgAdmin 4/web/pgadmin/static/js/tree/tree_init.tsx(36,27): error TS2304: Cannot find name 'FileEntry'.
pgsql/pgAdmin 4/web/pgadmin/static/js/tree/tree_init.tsx(36,53): error TS2304: Cannot find name 'FileEntry'.
pgsql/pgAdmin 4/web/pgadmin/static/js/tree/tree_init.tsx(54,27): error TS7006: Parameter 'parentPath' implicitly has an 'any' type.
pgsql/pgAdmin 4/web/pgadmin/static/js/tree/tree_init.tsx(54,39): error TS7006: Parameter '_data' implicitly has an 'any' type.
pgsql/pgAdmin 4/web/pgadmin/static/js/tree/tree_init.tsx(54,55): error TS2304: Cannot find name 'IFileEntryItem'.
pgsql/pgAdmin 4/web/pgadmin/static/js/tree/tree_init.tsx(64,41): error TS7006: Parameter '_removeOnlyChild' implicitly has an 'any' type.
pgsql/pgAdmin 4/web/pgadmin/static/js/tree/tree_init.tsx(66,38): error TS2554: Expected 1 arguments, but got 2.
pgsql/pgAdmin 4/web/pgadmin/static/js/tree/tree_init.tsx(74,41): error TS7006: Parameter 'data' implicitly has an 'any' type.
pgsql/pgAdmin 4/web/pgadmin/static/js/tree/tree_init.tsx(85,41): error TS7006: Parameter 'handler' implicitly has an 'any' type.
pgsql/pgAdmin 4/web/pgadmin/static/js/tree/tree_init.tsx(91,16): error TS2339: Property 'root' does not exist on type 'TreeModelX'.
pgsql/pgAdmin 4/web/pgadmin/static/js/tree/tree_init.tsx(93,16): error TS2339: Property 'render' does not exist on type 'typeof import("C:/Users/pc/OneDrive/Masa\u00FCst\u00FC/Ecommerce/homesync/node_modules/@types/react-dom/index")'.
pgsql/pgAdmin 4/web/pgadmin/static/js/tree/tree_init.tsx(102,22): error TS7006: Parameter 'props' implicitly has an 'any' type.
pgsql/pgAdmin 4/web/pgadmin/static/js/tree/tree_init.tsx(106,26): error TS7006: Parameter 'menuItem' implicitly has an 'any' type.
pgsql/pgAdmin 4/web/pgadmin/static/js/tree/tree_init.tsx(106,36): error TS7006: Parameter 'i' implicitly has an 'any' type.
pgsql/pgAdmin 4/web/pgadmin/static/js/tree/tree_init.tsx(152,63): error TS7006: Parameter 'menuItem' implicitly has an 'any' type.
pgsql/pgAdmin 4/web/pgadmin/static/js/tree/tree_init.tsx(152,73): error TS7006: Parameter 'i' implicitly has an 'any' type.
pgsql/pgAdmin 4/web/pgadmin/static/js/tree/tree_init.tsx(156,30): error TS7006: Parameter 'submenuItem' implicitly has an 'any' type.
pgsql/pgAdmin 4/web/pgadmin/static/js/tree/tree_init.tsx(156,43): error TS7006: Parameter 'si' implicitly has an 'any' type.
pgsql/pgAdmin 4/web/pgadmin/static/js/tree/tree_nodes.ts(10,28): error TS2307: Cannot find module 'browserfs' or its corresponding type declarations.
pgsql/pgAdmin 4/web/pgadmin/static/js/tree/tree_nodes.ts(11,21): error TS2307: Cannot find module 'sources/url_for' or its corresponding type declarations.
pgsql/pgAdmin 4/web/pgadmin/static/js/tree/tree_nodes.ts(12,21): error TS2307: Cannot find module 'sources/pgadmin' or its corresponding type declarations.
pgsql/pgAdmin 4/web/pgadmin/static/js/tree/tree_nodes.ts(13,15): error TS2307: Cannot find module 'lodash' or its corresponding type declarations.
pgsql/pgAdmin 4/web/pgadmin/static/js/tree/tree_nodes.ts(14,26): error TS2307: Cannot find module 'react-aspen' or its corresponding type declarations.
pgsql/pgAdmin 4/web/pgadmin/static/js/tree/tree_nodes.ts(17,21): error TS2307: Cannot find module 'sources/gettext' or its corresponding type declarations.
pgsql/pgAdmin 4/web/pgadmin/static/js/tree/tree_nodes.ts(19,22): error TS2307: Cannot find module 'path-fx' or its corresponding type declarations.
pgsql/pgAdmin 4/web/pgadmin/static/js/tree/tree_nodes.ts(24,10): error TS2339: Property 'tree' does not exist on type 'ManageTreeNodes'.
pgsql/pgAdmin 4/web/pgadmin/static/js/tree/tree_nodes.ts(25,10): error TS2339: Property 'tempTree' does not exist on type 'ManageTreeNodes'.
pgsql/pgAdmin 4/web/pgadmin/static/js/tree/tree_nodes.ts(25,21): error TS2554: Expected 6 arguments, but got 2.
pgsql/pgAdmin 4/web/pgadmin/static/js/tree/tree_nodes.ts(30,10): error TS2339: Property 'tree' does not exist on type 'ManageTreeNodes'.
pgsql/pgAdmin 4/web/pgadmin/static/js/tree/tree_nodes.ts(31,10): error TS2339: Property 'tree' does not exist on type 'ManageTreeNodes'.
pgsql/pgAdmin 4/web/pgadmin/static/js/tree/tree_nodes.ts(32,5): error TS2794: Expected 1 arguments, but got 0. Did you forget to include 'void' in your type argument to 'Promise'?
pgsql/pgAdmin 4/web/pgadmin/static/js/tree/tree_nodes.ts(35,24): error TS7006: Parameter '_path' implicitly has an 'any' type.
pgsql/pgAdmin 4/web/pgadmin/static/js/tree/tree_nodes.ts(35,31): error TS7006: Parameter '_data' implicitly has an 'any' type.
pgsql/pgAdmin 4/web/pgadmin/static/js/tree/tree_nodes.ts(44,30): error TS7006: Parameter '_path' implicitly has an 'any' type.
pgsql/pgAdmin 4/web/pgadmin/static/js/tree/tree_nodes.ts(54,12): error TS7006: Parameter 'path' implicitly has an 'any' type.
pgsql/pgAdmin 4/web/pgadmin/static/js/tree/tree_nodes.ts(56,19): error TS2339: Property 'tempTree' does not exist on type 'ManageTreeNodes'.
pgsql/pgAdmin 4/web/pgadmin/static/js/tree/tree_nodes.ts(58,28): error TS2339: Property 'tempTree' does not exist on type 'ManageTreeNodes'.
pgsql/pgAdmin 4/web/pgadmin/static/js/tree/tree_nodes.ts(62,11): error TS2339: Property 'type' does not exist on type '[]'.
pgsql/pgAdmin 4/web/pgadmin/static/js/tree/tree_nodes.ts(62,24): error TS2339: Property 'inode' does not exist on type '[]'.
pgsql/pgAdmin 4/web/pgadmin/static/js/tree/tree_nodes.ts(63,11): error TS2339: Property '_label' does not exist on type '[]'.
pgsql/pgAdmin 4/web/pgadmin/static/js/tree/tree_nodes.ts(63,26): error TS2339: Property 'label' does not exist on type '[]'.
pgsql/pgAdmin 4/web/pgadmin/static/js/tree/tree_nodes.ts(64,11): error TS2339: Property 'label' does not exist on type '[]'.
pgsql/pgAdmin 4/web/pgadmin/static/js/tree/tree_nodes.ts(64,34): error TS2339: Property 'label' does not exist on type '[]'.
pgsql/pgAdmin 4/web/pgadmin/static/js/tree/tree_nodes.ts(66,11): error TS2339: Property 'is_collection' does not exist on type '[]'.
pgsql/pgAdmin 4/web/pgadmin/static/js/tree/tree_nodes.ts(66,50): error TS2339: Property '_type' does not exist on type '[]'.
pgsql/pgAdmin 4/web/pgadmin/static/js/tree/tree_nodes.ts(70,41): error TS2339: Property 'id' does not exist on type '[]'.
pgsql/pgAdmin 4/web/pgadmin/static/js/tree/tree_nodes.ts(70,87): error TS2339: Property 'type' does not exist on type '[]'.
pgsql/pgAdmin 4/web/pgadmin/static/js/tree/tree_nodes.ts(117,9): error TS2322: Type 'null' is not assignable to type 'string'.
pgsql/pgAdmin 4/web/pgadmin/static/js/tree/tree_nodes.ts(144,106): error TS2345: Argument of type 'null' is not assignable to parameter of type 'number | undefined'.
pgsql/pgAdmin 4/web/pgadmin/static/js/tree/tree_nodes.ts(178,15): error TS7006: Parameter 'id' implicitly has an 'any' type.
pgsql/pgAdmin 4/web/pgadmin/static/js/tree/tree_nodes.ts(178,19): error TS7006: Parameter 'data' implicitly has an 'any' type.
pgsql/pgAdmin 4/web/pgadmin/static/js/tree/tree_nodes.ts(178,25): error TS7006: Parameter 'domNode' implicitly has an 'any' type.
pgsql/pgAdmin 4/web/pgadmin/static/js/tree/tree_nodes.ts(178,34): error TS7006: Parameter 'parent' implicitly has an 'any' type.
pgsql/pgAdmin 4/web/pgadmin/static/js/tree/tree_nodes.ts(178,42): error TS7006: Parameter 'metadata' implicitly has an 'any' type.
pgsql/pgAdmin 4/web/pgadmin/static/js/tree/tree_nodes.ts(178,52): error TS7006: Parameter 'type' implicitly has an 'any' type.
pgsql/pgAdmin 4/web/pgadmin/static/js/tree/tree_nodes.ts(179,10): error TS2339: Property 'id' does not exist on type 'TreeNode'.
pgsql/pgAdmin 4/web/pgadmin/static/js/tree/tree_nodes.ts(180,10): error TS2339: Property 'data' does not exist on type 'TreeNode'.
pgsql/pgAdmin 4/web/pgadmin/static/js/tree/tree_nodes.ts(182,10): error TS2339: Property 'children' does not exist on type 'TreeNode'.
pgsql/pgAdmin 4/web/pgadmin/static/js/tree/tree_nodes.ts(183,10): error TS2339: Property 'domNode' does not exist on type 'TreeNode'.
pgsql/pgAdmin 4/web/pgadmin/static/js/tree/tree_nodes.ts(184,10): error TS2551: Property 'metadata' does not exist on type 'TreeNode'. Did you mean 'getData'?
pgsql/pgAdmin 4/web/pgadmin/static/js/tree/tree_nodes.ts(185,10): error TS2339: Property 'name' does not exist on type 'TreeNode'.
pgsql/pgAdmin 4/web/pgadmin/static/js/tree/tree_nodes.ts(186,10): error TS2339: Property 'type' does not exist on type 'TreeNode'.
pgsql/pgAdmin 4/web/pgadmin/static/js/tree/tree_nodes.ts(190,17): error TS2339: Property 'parentNode' does not exist on type 'TreeNode'.
pgsql/pgAdmin 4/web/pgadmin/static/js/tree/tree_nodes.ts(190,45): error TS2339: Property 'parentNode' does not exist on type 'TreeNode'.
pgsql/pgAdmin 4/web/pgadmin/static/js/tree/tree_nodes.ts(194,17): error TS2339: Property 'parentNode' does not exist on type 'TreeNode'.
pgsql/pgAdmin 4/web/pgadmin/static/js/tree/tree_nodes.ts(197,13): error TS7006: Parameter 'parent' implicitly has an 'any' type.
pgsql/pgAdmin 4/web/pgadmin/static/js/tree/tree_nodes.ts(198,10): error TS2339: Property 'parentNode' does not exist on type 'TreeNode'.
pgsql/pgAdmin 4/web/pgadmin/static/js/tree/tree_nodes.ts(199,10): error TS2339: Property 'path' does not exist on type 'TreeNode'.
pgsql/pgAdmin 4/web/pgadmin/static/js/tree/tree_nodes.ts(199,22): error TS2339: Property 'id' does not exist on type 'TreeNode'.
pgsql/pgAdmin 4/web/pgadmin/static/js/tree/tree_nodes.ts(200,14): error TS2339: Property 'id' does not exist on type 'TreeNode'.
pgsql/pgAdmin 4/web/pgadmin/static/js/tree/tree_nodes.ts(202,14): error TS2339: Property 'path' does not exist on type 'TreeNode'.
pgsql/pgAdmin 4/web/pgadmin/static/js/tree/tree_nodes.ts(202,46): error TS2339: Property 'id' does not exist on type 'TreeNode'.
pgsql/pgAdmin 4/web/pgadmin/static/js/tree/tree_nodes.ts(204,14): error TS2339: Property 'path' does not exist on type 'TreeNode'.
pgsql/pgAdmin 4/web/pgadmin/static/js/tree/tree_nodes.ts(204,41): error TS2339: Property 'id' does not exist on type 'TreeNode'.
pgsql/pgAdmin 4/web/pgadmin/static/js/tree/tree_nodes.ts(209,14): error TS2339: Property 'data' does not exist on type 'TreeNode'.
pgsql/pgAdmin 4/web/pgadmin/static/js/tree/tree_nodes.ts(211,21): error TS2339: Property 'data' does not exist on type 'TreeNode'.
pgsql/pgAdmin 4/web/pgadmin/static/js/tree/tree_nodes.ts(214,35): error TS2339: Property 'data' does not exist on type 'TreeNode'.
pgsql/pgAdmin 4/web/pgadmin/static/js/tree/tree_nodes.ts(218,17): error TS2339: Property 'domNode' does not exist on type 'TreeNode'.
pgsql/pgAdmin 4/web/pgadmin/static/js/tree/tree_nodes.ts(224,16): error TS7006: Parameter 'condition' implicitly has an 'any' type.
pgsql/pgAdmin 4/web/pgadmin/static/js/tree/tree_nodes.ts(241,19): error TS7006: Parameter 'condition' implicitly has an 'any' type.
pgsql/pgAdmin 4/web/pgadmin/static/js/tree/tree_nodes.ts(248,13): error TS7006: Parameter 'condition' implicitly has an 'any' type.
pgsql/pgAdmin 4/web/pgadmin/static/js/tree/tree_nodes.ts(252,10): error TS7006: Parameter 'tree' implicitly has an 'any' type.
pgsql/pgAdmin 4/web/pgadmin/static/js/tree/tree_nodes.ts(256,30): error TS2339: Property 'domNode' does not exist on type 'TreeNode'.
pgsql/pgAdmin 4/web/pgadmin/static/js/tree/tree_nodes.ts(257,30): error TS2339: Property 'domNode' does not exist on type 'TreeNode'.
pgsql/pgAdmin 4/web/pgadmin/static/js/tree/tree_nodes.ts(259,34): error TS2339: Property 'domNode' does not exist on type 'TreeNode'.
pgsql/pgAdmin 4/web/pgadmin/static/js/tree/tree_nodes.ts(261,11): error TS2794: Expected 1 arguments, but got 0. Did you forget to include 'void' in your type argument to 'Promise'?
pgsql/pgAdmin 4/web/pgadmin/static/js/tree/tree_nodes.ts(266,10): error TS7006: Parameter 'tree' implicitly has an 'any' type.
pgsql/pgAdmin 4/web/pgadmin/static/js/tree/tree_nodes.ts(268,12): error TS2339: Property 'children' does not exist on type 'TreeNode'.
pgsql/pgAdmin 4/web/pgadmin/static/js/tree/tree_nodes.ts(269,24): error TS2339: Property 'domNode' does not exist on type 'TreeNode'.
pgsql/pgAdmin 4/web/pgadmin/static/js/tree/tree_nodes.ts(281,8): error TS7006: Parameter 'tree' implicitly has an 'any' type.
pgsql/pgAdmin 4/web/pgadmin/static/js/tree/tree_nodes.ts(281,14): error TS7006: Parameter 'suppressNoDom' implicitly has an 'any' type.
pgsql/pgAdmin 4/web/pgadmin/static/js/tree/tree_nodes.ts(283,33): error TS2339: Property 'domNode' does not exist on type 'TreeNode'.
pgsql/pgAdmin 4/web/pgadmin/static/js/tree/tree_nodes.ts(283,64): error TS2339: Property 'domNode' does not exist on type 'TreeNode'.
pgsql/pgAdmin 4/web/pgadmin/static/js/tree/tree_nodes.ts(285,34): error TS2339: Property 'domNode' does not exist on type 'TreeNode'.
pgsql/pgAdmin 4/web/pgadmin/static/js/tree/tree_nodes.ts(288,24): error TS2339: Property 'domNode' does not exist on type 'TreeNode'.
pgsql/pgAdmin 4/web/pgadmin/static/js/tree/tree_nodes.ts(295,34): error TS7006: Parameter 'node' implicitly has an 'any' type.
src/components/admin/ApexAnalysis.tsx(16,28): error TS2345: Argument of type '{ id: string; title: string; description: string; urgency: string; category: string; }[]' is not assignable to parameter of type 'SetStateAction<ApexReportItem[]>'.
  Type '{ id: string; title: string; description: string; urgency: string; category: string; }[]' is not assignable to type 'ApexReportItem[]'.
    Type '{ id: string; title: string; description: string; urgency: string; category: string; }' is not assignable to type 'ApexReportItem'.
      Types of property 'urgency' are incompatible.
        Type 'string' is not assignable to type '"low" | "medium" | "high"'.
src/components/recommendations/PersonalizedSection.tsx(6,10): error TS2305: Module '"lucide-react"' has no exported member 'Sparkling'.
